Reusing configuration cache.
> Task :app:generateDebugAssets UP-TO-DATE
> Task :app:preBuild UP-TO-DATE
> Task :app:preDebugBuild UP-TO-DATE
> Task :app:preDebugUnitTestBuild UP-TO-DATE
> Task :app:clean
> Task :app:generateDebugResources FROM-CACHE
> Task :app:generateDebugBuildConfig FROM-CACHE
> Task :app:javaPreCompileDebug FROM-CACHE
> Task :app:packageDebugResources FROM-CACHE
> Task :app:mapDebugSourceSetPaths
> Task :app:kspDebugKotlin FROM-CACHE
> Task :app:processDebugNavigationResources FROM-CACHE
> Task :app:createDebugCompatibleScreenManifests
> Task :app:parseDebugLocalResources FROM-CACHE
> Task :app:compileDebugNavigationResources FROM-CACHE
> Task :app:generateDebugRFile FROM-CACHE
> Task :app:checkDebugAarMetadata
> Task :app:extractDeepLinksDebug FROM-CACHE
> Task :app:javaPreCompileDebugUnitTest FROM-CACHE
> Task :app:processDebugMainManifest FROM-CACHE
> Task :app:mergeDebugAssets
> Task :app:processDebugManifest FROM-CACHE
> Task :app:processDebugManifestForPackage FROM-CACHE
> Task :app:compileDebugKotlin FROM-CACHE
> Task :app:compileDebugJavaWithJavac FROM-CACHE
> Task :app:processDebugJavaRes
> Task :app:processDebugUnitTestManifest
> Task :app:mergeDebugResources FROM-CACHE
> Task :app:processDebugResources FROM-CACHE
> Task :app:packageDebugUnitTestForUnitTest
> Task :app:generateDebugUnitTestConfig
> Task :app:bundleDebugClassesToRuntimeJar
> Task :app:bundleDebugClassesToCompileJar
> Task :app:kspDebugUnitTestKotlin UP-TO-DATE
> Task :app:compileDebugUnitTestKotlin FROM-CACHE
> Task :app:compileDebugUnitTestJavaWithJavac NO-SOURCE
> Task :app:processDebugUnitTestJavaRes
> Task :app:testDebugUnitTest FROM-CACHE
> Task :app:finalizeTestRoborazziDebug SKIPPED

BUILD SUCCESSFUL in 1s
33 actionable tasks: 12 executed, 20 from cache, 1 up-to-date
Configuration cache entry reused.
